bp              lr=0.01   val=95.54 +/- 0.10
bp              lr=0.03   val=96.24 +/- 0.30
bp              lr=0.1    val=96.49 +/- 0.48
bp              lr=0.3    val=96.75 +/- 0.16
bp              lr=1.0    val=75.31 +/- 11.18
bp_b8           lr=0.003  val=95.73 +/- 0.31
bp_b8           lr=0.01   val=96.42 +/- 0.43
bp_b8           lr=0.03   val=96.40 +/- 0.43
bp_b8           lr=0.1    val=96.75 +/- 0.33
bp_b8           lr=0.3    val=85.20 +/- 1.22
bp_accum5       lr=0.03   val=95.49 +/- 0.43
bp_accum5       lr=0.1    val=95.93 +/- 0.16
bp_accum5       lr=0.3    val=96.47 +/- 0.46
bp_accum5       lr=1.0    val=77.31 +/- 5.34
dfa             lr=0.01   val=95.05 +/- 0.10
dfa             lr=0.02   val=95.47 +/- 0.28
dfa             lr=0.05   val=95.84 +/- 0.77
dfa             lr=0.1    val=96.17 +/- 0.57
dfa             lr=0.2    val=96.63 +/- 0.87
dfa             lr=0.5    val=96.86 +/- 0.28
dfa             lr=1.0    val=96.40 +/- 0.91
dfa_noprec      lr=0.01   val=94.05 +/- 0.78
dfa_noprec      lr=0.02   val=94.94 +/- 0.53
dfa_noprec      lr=0.05   val=95.75 +/- 0.45
dfa_noprec      lr=0.1    val=96.05 +/- 0.43
dfa_noprec      lr=0.2    val=96.40 +/- 0.66
dfa_noprec      lr=0.5    val=96.40 +/- 0.33
dfa_noprec      lr=1.0    val=96.17 +/- 0.75
ssfa_p5         lr=0.02   val=93.31 +/- 0.84
ssfa_p5         lr=0.05   val=94.89 +/- 0.65
ssfa_p5         lr=0.1    val=95.40 +/- 0.80
ssfa_p5         lr=0.2    val=95.73 +/- 0.88
ssfa_p5         lr=0.3    val=96.03 +/- 0.58
ssfa_p5         lr=0.5    val=96.12 +/- 0.71
ssfa_p5         lr=1.0    val=95.89 +/- 0.35
ssfa_p5         lr=2.0    val=93.84 +/- 0.87
ssfa_p5_noprec  lr=0.02   val=89.41 +/- 1.58
ssfa_p5_noprec  lr=0.05   val=94.26 +/- 0.52
ssfa_p5_noprec  lr=0.1    val=94.96 +/- 0.57
ssfa_p5_noprec  lr=0.2    val=95.63 +/- 0.59
ssfa_p5_noprec  lr=0.3    val=95.73 +/- 0.76
ssfa_p5_noprec  lr=0.5    val=95.96 +/- 0.70
ssfa_p5_noprec  lr=1.0    val=95.89 +/- 0.45
ssfa_p5_noprec  lr=2.0    val=94.43 +/- 0.85
{'bp': 0.3, 'bp_b8': 0.1, 'bp_accum5': 0.3, 'dfa': 0.5, 'dfa_noprec': 0.5, 'ssfa_p5': 0.5, 'ssfa_p5_noprec': 0.5}
