bp (spec lr=0.1)                96.72 +/- 0.44  (last5 96.72 +/- 0.44)  t= 5.66s  writes=12320  align=None
ssfa P5 (spec eta=0.05)         95.17 +/- 0.57  (last5 95.12 +/- 0.54)  t= 3.15s  writes=2464  align=[0.093, 0.296, 0.295, 0.312, 0.363, 0.398]
ssfa P5 noprec (eta=0.05)       94.39 +/- 0.44  (last5 94.23 +/- 0.48)  t= 2.56s  writes=2464  align=[0.135, 0.308, 0.285, 0.275, 0.296, 0.323]
dfa (eta=0.05)                  95.89 +/- 0.57  (last5 95.89 +/- 0.57)  t= 5.76s  writes=12320  align=[0.138, 0.379, 0.363, 0.399, 0.445, 0.497]
bp                              96.94 +/- 0.46  (last5 96.94 +/- 0.46)  t= 5.58s  writes=12320  align=None
bp batch 8                      97.17 +/- 0.41  (last5 97.17 +/- 0.41)  t=12.48s  writes=50120  align=None
bp accum 5 (write-matched)      96.56 +/- 0.54  (last5 96.56 +/- 0.54)  t= 6.02s  writes=2464  align=None
bp width 128                    97.17 +/- 0.21  (last5 97.17 +/- 0.21)  t= 1.59s  writes=12320  align=None
bp width 64                     96.89 +/- 0.51  (last5 96.89 +/- 0.51)  t= 0.70s  writes=12320  align=None
dfa                             96.11 +/- 0.61  (last5 96.11 +/- 0.61)  t= 5.72s  writes=12320  align=[0.214, 0.433, 0.43, 0.402, 0.384, 0.166]
dfa noprec                      96.28 +/- 0.52  (last5 96.27 +/- 0.51)  t= 4.69s  writes=12320  align=[0.202, 0.423, 0.408, 0.397, 0.415, 0.398]
ssfa P5                         96.00 +/- 0.57  (last5 95.94 +/- 0.58)  t= 3.26s  writes=2464  align=[0.184, 0.357, 0.364, 0.317, 0.393, 0.442]
ssfa P5 noprec                  96.00 +/- 0.65  (last5 96.13 +/- 0.61)  t= 2.55s  writes=2464  align=[0.213, 0.373, 0.372, 0.344, 0.416, 0.485]
sched ascending                 96.06 +/- 0.32  (last5 96.01 +/- 0.25)  t= 3.20s  writes=2464  align=[0.165, 0.368, 0.36, 0.413, 0.453, 0.547]
sched blocked                   95.56 +/- 0.35  (last5 95.59 +/- 0.37)  t= 3.10s  writes=2464  align=[0.142, 0.391, 0.34, 0.354, 0.454, 0.513]
sched shuffled                  96.44 +/- 0.48  (last5 96.54 +/- 0.53)  t= 3.11s  writes=2464  align=[0.136, 0.359, 0.349, 0.405, 0.478, 0.483]
sched stagger+out               95.50 +/- 0.48  (last5 95.51 +/- 0.46)  t= 3.17s  writes=3872  align=[0.125, 0.252, 0.248, 0.265, 0.307, 0.318]
sched bernoulli                 95.56 +/- 0.66  (last5 95.60 +/- 0.67)  t= 3.15s  writes=2538  align=[0.201, 0.381, 0.352, 0.359, 0.497, 0.486]
ssfa P2                         96.22 +/- 0.28  (last5 96.19 +/- 0.30)  t= 4.10s  writes=6160  align=[0.201, 0.406, 0.414, 0.406, 0.41, 0.46]
ssfa P3                         96.33 +/- 0.69  (last5 96.31 +/- 0.68)  t= 3.58s  writes=4107  align=[0.194, 0.401, 0.405, 0.418, 0.419, 0.507]
ssfa P7                         96.06 +/- 0.87  (last5 96.06 +/- 0.85)  t= 2.91s  writes=1760  align=[0.175, 0.342, 0.336, 0.353, 0.372, 0.453]
