sbp stagger   lr=0.1  val=95.77 +/- 0.07
sbp stagger   lr=0.3  val=96.33 +/- 0.14
sbp stagger   lr=0.6  val=96.45 +/- 0.37
sbp stagger   lr=1.0  val=94.08 +/- 1.49
sbp stagger   lr=1.5  val=26.16 +/- 15.31
sbp stagger   lr=2.0  val=26.16 +/- 9.86
sbp stagger   lr=3.0  val=15.75 +/- 0.56
sbp shuffled  lr=0.1  val=96.12 +/- 0.31
sbp shuffled  lr=0.3  val=95.84 +/- 0.29
sbp shuffled  lr=0.6  val=96.33 +/- 0.40
sbp shuffled  lr=1.0  val=72.17 +/- 17.04
sbp shuffled  lr=1.5  val=16.31 +/- 0.50
sbp shuffled  lr=2.0  val=32.75 +/- 11.49
sbp shuffled  lr=3.0  val=30.73 +/- 14.21
sbp subset    lr=0.1  val=96.14 +/- 0.48
sbp subset    lr=0.3  val=96.45 +/- 0.21
sbp subset    lr=0.6  val=96.63 +/- 0.16
sbp subset    lr=1.0  val=60.19 +/- 26.56
sbp subset    lr=1.5  val=42.23 +/- 21.36
sbp subset    lr=2.0  val=44.58 +/- 3.04
sbp subset    lr=3.0  val=27.67 +/- 11.60
{'stagger': 0.6, 'shuffled': 0.6, 'subset': 0.6}
TEST sbp stagger   lr=0.6  96.72 +/- 0.32  writes=2464  bwd layers/step=5.00  acc@ep1,2,5,10,20: 93.2, 95.1, 95.8, 96.3, 96.7
TEST sbp shuffled  lr=0.6  96.89 +/- 0.32  writes=2464  bwd layers/step=5.00  acc@ep1,2,5,10,20: 93.3, 94.3, 96.1, 96.6, 96.8
TEST sbp subset    lr=0.6  97.11 +/- 0.52  writes=3520  bwd layers/step=5.32  acc@ep1,2,5,10,20: 93.0, 93.8, 96.1, 96.7, 96.9
TEST sbp stagger   lr=0.3  96.72 +/- 0.41  writes=2464  bwd layers/step=5.00  acc@ep1,2,5,10,20: 92.3, 94.9, 96.1, 96.2, 96.7
